mode: count
brb-midsvc-platform/services/booking/impl.go:14.68,16.2 1 0
brb-midsvc-platform/services/booking/impl.go:18.88,20.28 2 0
brb-midsvc-platform/services/booking/impl.go:20.28,22.3 1 0
brb-midsvc-platform/services/booking/impl.go:24.2,24.96 1 0
brb-midsvc-platform/services/booking/impl.go:24.96,26.3 1 0
brb-midsvc-platform/services/booking/impl.go:28.2,30.34 3 0
brb-midsvc-platform/services/booking/impl.go:30.34,31.55 1 0
brb-midsvc-platform/services/booking/impl.go:31.55,33.4 1 0
brb-midsvc-platform/services/booking/impl.go:34.3,34.37 1 0
brb-midsvc-platform/services/booking/impl.go:36.2,36.66 1 0
brb-midsvc-platform/services/booking/impl.go:39.81,42.2 2 0
brb-midsvc-platform/services/booking/impl.go:44.93,46.2 1 0
brb-midsvc-platform/services/service/impl.go:12.68,14.2 1 0
brb-midsvc-platform/services/service/impl.go:16.70,18.2 1 0
brb-midsvc-platform/services/service/impl.go:20.96,22.16 2 0
brb-midsvc-platform/services/service/impl.go:22.16,24.3 1 0
brb-midsvc-platform/services/service/impl.go:25.2,26.44 2 0
brb-midsvc-platform/services/service/impl.go:26.44,28.3 1 0
brb-midsvc-platform/services/service/impl.go:29.2,29.18 1 0
brb-midsvc-platform/services/service/impl.go:32.75,34.16 2 0
brb-midsvc-platform/services/service/impl.go:34.16,36.3 1 0
brb-midsvc-platform/services/service/impl.go:37.2,37.47 1 0
brb-midsvc-platform/services/service/impl.go:37.47,39.3 1 0
brb-midsvc-platform/services/service/impl.go:40.2,40.21 1 0
brb-midsvc-platform/services/booking/impl.go:14.68,16.2 1 0
brb-midsvc-platform/services/booking/impl.go:18.88,20.28 2 0
brb-midsvc-platform/services/booking/impl.go:20.28,22.3 1 0
brb-midsvc-platform/services/booking/impl.go:24.2,24.96 1 0
brb-midsvc-platform/services/booking/impl.go:24.96,26.3 1 0
brb-midsvc-platform/services/booking/impl.go:28.2,30.34 3 0
brb-midsvc-platform/services/booking/impl.go:30.34,31.55 1 0
brb-midsvc-platform/services/booking/impl.go:31.55,33.4 1 0
brb-midsvc-platform/services/booking/impl.go:34.3,34.37 1 0
brb-midsvc-platform/services/booking/impl.go:36.2,36.66 1 0
brb-midsvc-platform/services/booking/impl.go:39.81,42.2 2 0
brb-midsvc-platform/services/booking/impl.go:44.93,46.2 1 0
brb-midsvc-platform/services/service/impl.go:12.68,14.2 1 0
brb-midsvc-platform/services/service/impl.go:16.70,18.2 1 0
brb-midsvc-platform/services/service/impl.go:20.96,22.16 2 0
brb-midsvc-platform/services/service/impl.go:22.16,24.3 1 0
brb-midsvc-platform/services/service/impl.go:25.2,26.44 2 0
brb-midsvc-platform/services/service/impl.go:26.44,28.3 1 0
brb-midsvc-platform/services/service/impl.go:29.2,29.18 1 0
brb-midsvc-platform/services/service/impl.go:32.75,34.16 2 0
brb-midsvc-platform/services/service/impl.go:34.16,36.3 1 0
brb-midsvc-platform/services/service/impl.go:37.2,37.47 1 0
brb-midsvc-platform/services/service/impl.go:37.47,39.3 1 0
brb-midsvc-platform/services/service/impl.go:40.2,40.21 1 0
brb-midsvc-platform/services/vendor/impl.go:12.64,14.2 1 1
brb-midsvc-platform/services/vendor/impl.go:16.66,18.2 1 2
